[backblue.gif]
[fade.gif]
[index.html]
[limaghana.com/wp/feed/index.html]
[limaghana.com/wp/comments/feed/index.html]
[limaghana.com/wp/wp-content/uploads/2023/10/banner-5.jpg]
[limaghana.com/wp/wp-includes/js/jquery/jquery.minf43b.js]
[limaghana.com/wp/wp-includes/js/jquery/jquery-migrate.min5589.js]
[limaghana.com/wp/wp-json/index.html]
[limaghana.com/wp/wp-json/wp/v2/pages/9.json]
[limaghana.com/wp/xmlrpc0db0.php]
[limaghana.com/wp/wp-json/oembed/1.0/embed92c1.json]
[limaghana.com/wp/wp-json/oembed/1.0/embedb0cd]
[limaghana.com/wp/wp-content/uploads/2023/08/loader-1.jpg]
[limaghana.com/wp/wp-content/uploads/2022/01/lima-logo.png]
[limaghana.com/wp/wp-content/uploads/2023/08/bg-1.jpg]
[limaghana.com/wp/wp-content/uploads/2023/08/bg-3.jpg]
[limaghana.com/wp/wp-content/uploads/2023/10/slider-3.jpg]
[limaghana.com/wp/wp-content/uploads/2023/08/home-1.jpg]
[limaghana.com/wp/wp-content/uploads/2022/02/kwame-2.jpg]
[limaghana.com/wp/wp-content/uploads/2022/02/kelvin-2.jpg]
[limaghana.com/wp/wp-content/uploads/2022/02/daniel-2.jpg]
[limaghana.com/wp/wp-content/uploads/2023/08/amandi-1.jpg]
[limaghana.com/wp/wp-content/uploads/2023/08/eleqtra-1.jpg]
[limaghana.com/wp/wp-content/uploads/2023/08/norfund-1.jpg]
[limaghana.com/wp/wp-content/uploads/2023/08/karpowership-1.jpg]
[limaghana.com/wp/wp-content/uploads/2023/08/phi.jpg]
[limaghana.com/wp/wp-content/uploads/2023/08/zupt-1.jpg]
[limaghana.com/wp/wp-content/uploads/2023/08/intake.jpg]
[limaghana.com/wp/wp-content/uploads/2023/08/paix-1.jpg]
[limaghana.com/wp/wp-content/uploads/2023/08/uhuru-1.jpg]
[limaghana.com/wp/wp-content/uploads/2023/08/verod-2.jpg]
[limaghana.com/wp/wp-content/uploads/2023/08/ayitepa-1.jpg]
[limaghana.com/wp/wp-content/uploads/2023/08/arthur-1.jpg]
[limaghana.com/wp/wp-content/uploads/2023/10/our-mission-bg-1.jpg]
[limaghana.com/wp/wp-content/uploads/2024/12/Featured-Image-on-Website.png]
[limaghana.com/wp/wp-content/uploads/2024/11/WhatsApp-Image-2024-11-21-at-12.05.41.jpg]
[limaghana.com/wp/wp-content/uploads/2024/10/WhatsApp-Image-2024-10-29-at-16.27.08.jpg]
[limaghana.com/wp/wp-includes/js/dist/hooks.min4fdd.js]
[limaghana.com/wp/wp-includes/js/dist/i18n.minc33c.js]
[limaghana.com/wp/wp-content/plugins/contact-form-7/includes/swv/js/indexf049.js]
[limaghana.com/wp/wp-content/plugins/contact-form-7/includes/js/indexf049.js]
[limaghana.com/wp/wp-content/themes/oslim/assets/vendors/bootstrap/js/bootstrap.minbb93.js]
[limaghana.com/wp/wp-content/plugins/oslim-addon/assets/vendors/bootstrap-select/js/bootstrap-select.minee30.js]
[limaghana.com/wp/wp-content/plugins/oslim-addon/assets/vendors/bxslider/jquery.bxslider.minee30.js]
[limaghana.com/wp/wp-content/plugins/oslim-addon/assets/vendors/countdown/countdown.minee30.js]
[limaghana.com/wp/wp-content/plugins/oslim-addon/assets/vendors/isotope/isotopeee30.js]
[limaghana.com/wp/wp-content/plugins/oslim-addon/assets/vendors/jarallax/jarallax.minee30.js]
[limaghana.com/wp/wp-content/plugins/oslim-addon/assets/vendors/jquery-ajaxchimp/jquery.ajaxchimp.minee30.js]
[limaghana.com/wp/wp-content/plugins/oslim-addon/assets/vendors/jquery-appear/jquery.appear.minee30.js]
[limaghana.com/wp/wp-content/plugins/oslim-addon/assets/vendors/jquery-easing/jquery.easing.minee30.js]
[limaghana.com/wp/wp-content/plugins/oslim-addon/assets/vendors/jquery-magnific-popup/jquery.magnific-popup.minee30.js]
[limaghana.com/wp/wp-content/plugins/oslim-addon/assets/vendors/jquery-circle-progress/jquery.circle-progress.minee30.js]
[limaghana.com/wp/wp-content/plugins/oslim-addon/assets/vendors/odometer/odometer.minee30.js]
[limaghana.com/wp/wp-content/plugins/oslim-addon/assets/vendors/owl-carousel/owl.carousel.minee30.js]
[limaghana.com/wp/wp-content/plugins/oslim-addon/assets/vendors/swiper/swiper.min0ca0.js]
[limaghana.com/wp/wp-content/plugins/oslim-addon/assets/vendors/wow/wowee30.js]
[limaghana.com/wp/wp-content/plugins/oslim-addon/assets/vendors/jquery-tilt/tilt.jquery.minee30.js]
[limaghana.com/wp/wp-content/plugins/oslim-addon/assets/vendors/sharer/sharer.minee30.js]
[limaghana.com/wp/wp-content/plugins/oslim-addon/assets/js/oslim-addonee30.js]
[limaghana.com/wp/wp-content/themes/oslim/assets/js/oslim-theme77fa.js]
[limaghana.com/wp/wp-content/plugins/elementor/assets/js/webpack.runtime.minb73d.js]
[limaghana.com/wp/wp-content/plugins/elementor/assets/js/frontend-modules.minb73d.js]
[limaghana.com/wp/wp-content/plugins/elementor/assets/lib/waypoints/waypoints.min05da.js]
[limaghana.com/wp/wp-includes/js/jquery/ui/core.minb37e.js]
[limaghana.com/wp/wp-content/plugins/elementor/assets/js/frontend.minb73d.js]
[limaghana.com/wp/index.html]
[limaghana.com/wp/wp-includes/css/dist/block-library/style.min9704.css]
[limaghana.com/wp/wp-content/plugins/contact-form-7/includes/css/stylesf049.css]
[limaghana.com/wp/wp-content/plugins/oslim-addon/assets/vendors/animate/animate.minee30.css]
[limaghana.com/wp/wp-content/plugins/oslim-addon/assets/vendors/animate/custom-animateee30.css]
[limaghana.com/wp/wp-content/plugins/oslim-addon/assets/vendors/reey-font/reey-regular-webfont.woff2]
[limaghana.com/wp/wp-content/plugins/oslim-addon/assets/vendors/reey-font/reey-regular-webfont.woff]
[limaghana.com/wp/wp-content/plugins/oslim-addon/assets/vendors/reey-font/stylesheetee30.css]
[limaghana.com/wp/wp-content/plugins/oslim-addon/assets/vendors/bootstrap-select/css/bootstrap-select.minee30.css]
[limaghana.com/wp/wp-content/plugins/oslim-addon/assets/vendors/bxslider/jquery.bxslideree30.css]
[limaghana.com/wp/wp-content/plugins/oslim-addon/assets/vendors/jarallax/jarallaxee30.css]
[limaghana.com/wp/wp-content/plugins/oslim-addon/assets/vendors/jquery-magnific-popup/jquery.magnific-popupee30.css]
[limaghana.com/wp/wp-content/plugins/oslim-addon/assets/vendors/odometer/odometer.minee30.css]
[limaghana.com/wp/wp-content/plugins/oslim-addon/assets/vendors/owl-carousel/owl.carousel.minee30.css]
[limaghana.com/wp/wp-content/plugins/oslim-addon/assets/vendors/owl-carousel/owl.theme.default.minee30.css]
[limaghana.com/wp/wp-content/plugins/oslim-addon/assets/vendors/the-sayinistic-font/the_sayinistic_demo-webfont.woff2]
[limaghana.com/wp/wp-content/plugins/oslim-addon/assets/vendors/the-sayinistic-font/the_sayinistic_demo-webfont.woff]
[limaghana.com/wp/wp-content/plugins/oslim-addon/assets/vendors/the-sayinistic-font/stylesheetee30.css]
[limaghana.com/wp/wp-content/plugins/elementor/assets/lib/swiper/css/swiper.min48f5.css]
[limaghana.com/wp/wp-content/plugins/oslim-addon/assets/css/oslim-addonee30.css]
[limaghana.com/wp/wp-content/themes/oslim/assets/vendors/oslim-icons/fonts/icomoond928.eot]
[limaghana.com/wp/wp-content/themes/oslim/assets/vendors/oslim-icons/fonts/icomoond928.ttf]
[limaghana.com/wp/wp-content/themes/oslim/assets/vendors/oslim-icons/fonts/icomoond928.woff]
[limaghana.com/wp/wp-content/themes/oslim/assets/vendors/oslim-icons/style5152.css]
[limaghana.com/wp/wp-content/themes/oslim/assets/vendors/bootstrap/css/bootstrap.minbb93.css]
[limaghana.com/wp/wp-content/themes/oslim/assets/vendors/fontawesome/webfonts/fa-brands-400.eot]
[limaghana.com/wp/wp-content/themes/oslim/assets/vendors/fontawesome/webfonts/fa-brands-400d41d.eot]
[limaghana.com/wp/wp-content/themes/oslim/assets/vendors/fontawesome/webfonts/fa-brands-400.woff2]
[limaghana.com/wp/wp-content/themes/oslim/assets/vendors/fontawesome/webfonts/fa-brands-400.woff]
[limaghana.com/wp/wp-content/themes/oslim/assets/vendors/fontawesome/webfonts/fa-brands-400.ttf]
[limaghana.com/wp/wp-content/themes/oslim/assets/vendors/fontawesome/webfonts/fa-regular-400.eot]
[limaghana.com/wp/wp-content/themes/oslim/assets/vendors/fontawesome/webfonts/fa-regular-400d41d.eot]
[limaghana.com/wp/wp-content/themes/oslim/assets/vendors/fontawesome/webfonts/fa-regular-400.woff2]
[limaghana.com/wp/wp-content/themes/oslim/assets/vendors/fontawesome/webfonts/fa-regular-400.woff]
[limaghana.com/wp/wp-content/themes/oslim/assets/vendors/fontawesome/webfonts/fa-regular-400.ttf]
[limaghana.com/wp/wp-content/themes/oslim/assets/vendors/fontawesome/webfonts/fa-solid-900.eot]
[limaghana.com/wp/wp-content/themes/oslim/assets/vendors/fontawesome/webfonts/fa-solid-900d41d.eot]
[limaghana.com/wp/wp-content/themes/oslim/assets/vendors/fontawesome/webfonts/fa-solid-900.woff2]
[limaghana.com/wp/wp-content/themes/oslim/assets/vendors/fontawesome/webfonts/fa-solid-900.woff]
[limaghana.com/wp/wp-content/themes/oslim/assets/vendors/fontawesome/webfonts/fa-solid-900.ttf]
[limaghana.com/wp/wp-content/themes/oslim/assets/vendors/fontawesome/css/all.min9e0b.css]
[limaghana.com/wp/wp-content/themes/oslim/assets/images/testimonial/quote-icon.png]
[limaghana.com/wp/wp-content/themes/oslim/assets/images/testimonial/testimonial-3-quote-icon.png]
[limaghana.com/wp/wp-content/themes/oslim/style77fa.css]
[limaghana.com/wp/wp-content/plugins/recent-posts-widget-with-thumbnails/public03db.css]
[limaghana.com/wp/wp-content/plugins/elementor/assets/lib/eicons/fonts/eicons66e9.eot]
[limaghana.com/wp/wp-content/plugins/elementor/assets/lib/eicons/fonts/eicons66e9.woff2]
[limaghana.com/wp/wp-content/plugins/elementor/assets/lib/eicons/fonts/eicons66e9.woff]
[limaghana.com/wp/wp-content/plugins/elementor/assets/lib/eicons/fonts/eicons66e9.ttf]
[limaghana.com/wp/wp-content/plugins/elementor/assets/lib/eicons/css/elementor-icons.mind618.css]
[limaghana.com/wp/wp-content/plugins/elementor/assets/css/frontend-lite.minb73d.css]
[limaghana.com/wp/wp-content/uploads/elementor/css/post-73ef1.css]
[limaghana.com/wp/wp-content/uploads/elementor/css/global3ef1.css]
[limaghana.com/wp/wp-content/uploads/elementor/css/post-9cf7f.css]
[limaghana.com/wp/wp-content/plugins/elementor/assets/lib/font-awesome/css/fontawesome.min52d5.css]
[limaghana.com/wp/wp-content/plugins/elementor/assets/lib/font-awesome/webfonts/fa-solid-900.eot]
[limaghana.com/wp/wp-content/plugins/elementor/assets/lib/font-awesome/webfonts/fa-solid-900d41d.eot]
[limaghana.com/wp/wp-content/plugins/elementor/assets/lib/font-awesome/webfonts/fa-solid-900.woff2]
[limaghana.com/wp/wp-content/plugins/elementor/assets/lib/font-awesome/webfonts/fa-solid-900.woff]
[limaghana.com/wp/wp-content/plugins/elementor/assets/lib/font-awesome/webfonts/fa-solid-900.ttf]
[limaghana.com/wp/wp-content/plugins/elementor/assets/lib/font-awesome/css/solid.min52d5.css]
[limaghana.com/wp/wp-json/wp/v2/pages/18.json]
[limaghana.com/wp/wp-json/oembed/1.0/embeda977.json]
[limaghana.com/wp/wp-json/oembed/1.0/embed58a5]
[limaghana.com/wp/wp-content/uploads/2023/09/about-3.jpg]
[limaghana.com/wp/wp-content/uploads/2023/10/featured-image-2.jpg]
[limaghana.com/wp/wp-content/themes/oslim/assets/js/oslim-themeee3a.js]
[limaghana.com/wp/about-us/index.html]
[limaghana.com/wp/wp-json/wp/v2/pages/26.json]
[limaghana.com/wp/wp-json/oembed/1.0/embedcbee.json]
[limaghana.com/wp/wp-json/oembed/1.0/embedca4f]
[limaghana.com/wp/wp-content/uploads/2023/08/cenpower-1.jpg]
[limaghana.com/wp/wp-content/uploads/2023/08/krones-1.jpg]
[limaghana.com/wp/wp-content/uploads/2023/08/upstream-1.jpg]
[limaghana.com/wp/wp-content/uploads/2023/08/playsoccer-1.jpg]
[limaghana.com/wp/wp-content/uploads/2023/08/anyway-1.jpg]
[limaghana.com/wp/wp-content/uploads/2023/08/partner-3.jpg]
[limaghana.com/wp/wp-content/uploads/2023/08/partner-2.jpg]
[limaghana.com/wp/wp-content/uploads/2023/08/partner-1.jpg]
[limaghana.com/wp/wp-content/uploads/2023/08/partner-4.jpg]
[limaghana.com/wp/wp-content/uploads/2023/08/partner-6.jpg]
[limaghana.com/wp/wp-content/uploads/2023/08/partner-7.jpg]
[limaghana.com/wp/wp-content/uploads/2023/08/partner-8.jpg]
[limaghana.com/wp/wp-content/uploads/2023/08/partner-9.jpg]
[limaghana.com/wp/wp-content/uploads/2023/08/partner-10.jpg]
[limaghana.com/wp/wp-content/uploads/2023/08/partner-11.jpg]
[limaghana.com/wp/wp-content/uploads/2023/08/partner-13.jpg]
[limaghana.com/wp/wp-content/uploads/2023/08/partner-14.jpg]
[limaghana.com/wp/wp-content/uploads/2023/08/partner-15.jpg]
[limaghana.com/wp/wp-content/uploads/2023/08/partner-16.jpg]
[limaghana.com/wp/wp-content/uploads/2023/08/partner-17.jpg]
[limaghana.com/wp/wp-content/uploads/2023/08/partner-12.jpg]
[limaghana.com/wp/wp-content/uploads/2023/08/partner-5.jpg]
[limaghana.com/wp/wp-content/uploads/2023/08/portfolio.jpg]
[limaghana.com/wp/wp-content/themes/oslim/assets/js/oslim-themee304.js]
[limaghana.com/wp/portolio/index.html]
[limaghana.com/wp/wp-json/wp/v2/pages/30.json]
[limaghana.com/wp/wp-json/oembed/1.0/embed2482.json]
[limaghana.com/wp/wp-json/oembed/1.0/embed836f]
[limaghana.com/wp/wp-content/uploads/2022/02/chris-bedford-1.jpg]
[limaghana.com/wp/wp-content/uploads/2022/02/naa-adjei-1.jpg]
[limaghana.com/wp/wp-content/uploads/2022/02/salim-nsiah-1.jpg]
[limaghana.com/wp/wp-content/uploads/2023/08/stephen-amoah-1.jpg]
[limaghana.com/wp/wp-content/uploads/2023/08/ernest-kellibah-1.jpg]
[limaghana.com/wp/wp-content/uploads/2023/08/bernard-adabadzi-1.jpg]
[limaghana.com/wp/wp-content/uploads/2023/08/richmond-danso-1.jpg]
[limaghana.com/wp/wp-content/uploads/2023/08/vera-boadi-1.jpg]
[limaghana.com/wp/wp-content/uploads/2023/08/michael-teye-1.jpg]
[limaghana.com/wp/wp-content/uploads/2024/06/doreen-wireko.jpg]
[limaghana.com/wp/wp-content/uploads/2024/06/patricia-abena.jpg]
[limaghana.com/wp/wp-content/uploads/2023/08/sandra-boadu-1.jpg]
[limaghana.com/wp/wp-content/uploads/2023/08/david-agyarko-1.jpg]
[limaghana.com/wp/wp-content/uploads/2023/08/samuel-lartey-1.jpg]
[limaghana.com/wp/team/index.html]
[limaghana.com/wp/wp-json/wp/v2/pages/1471.json]
[limaghana.com/wp/wp-json/oembed/1.0/embedcbe1.json]
[limaghana.com/wp/wp-json/oembed/1.0/embed95fa]
[limaghana.com/wp/wp-content/themes/oslim/assets/js/oslim-themea826.js]
[limaghana.com/wp/events/index.html]
[limaghana.com/wp/wp-json/wp/v2/pages/38.json]
[limaghana.com/wp/wp-json/oembed/1.0/embedd89e.json]
[limaghana.com/wp/wp-json/oembed/1.0/embed6795]
[limaghana.com/wp/wp-content/themes/oslim/assets/js/oslim-themee4b1.js]
[limaghana.com/wp/services/index.html]
[limaghana.com/wp/wp-json/wp/v2/pages/1468.json]
[limaghana.com/wp/wp-json/oembed/1.0/embedc7d5.json]
[limaghana.com/wp/wp-json/oembed/1.0/embed44da]
[limaghana.com/wp/wp-content/uploads/2023/10/careers1.jpg]
[limaghana.com/wp/wp-content/uploads/2023/10/careers2.webp]
[limaghana.com/wp/wp-content/uploads/2023/10/Audit-Partner-Job-Ad.pdf]
[limaghana.com/wp/wp-content/themes/oslim/assets/js/oslim-theme9661.js]
[limaghana.com/wp/careers/index.html]
[limaghana.com/wp/wp-json/wp/v2/pages/22.json]
[limaghana.com/wp/wp-json/oembed/1.0/embedbd09.json]
[limaghana.com/wp/wp-json/oembed/1.0/embed158e]
[limaghana.com/wp/wp-content/uploads/2024/09/WhatsApp-Image-2024-09-17-at-12.59.19.jpg]
[limaghana.com/wp/wp-content/uploads/2024/07/WhatsApp-Image-2024-07-15-at-10.29.11.jpg]
[limaghana.com/wp/wp-content/uploads/2024/06/WhatsApp-Image-2024-06-14-at-13.16.26.jpg]
[limaghana.com/wp/wp-content/uploads/2024/05/WhatsApp-Image-2024-05-21-at-14.02.02.jpg]
[limaghana.com/wp/wp-content/uploads/2024/04/WhatsApp-Image-2024-04-30-at-09.21.35.jpg]
[limaghana.com/wp/wp-content/uploads/2024/02/PHOTO-2024-02-19-09-38-00.jpg]
[limaghana.com/wp/wp-content/uploads/2023/11/IFRS-15.jpg]
[limaghana.com/wp/wp-content/uploads/2023/11/IFRS-15-2.jpg]
[limaghana.com/wp/wp-content/uploads/2023/11/cyber-security-Compliance-Article-.jpg]
[limaghana.com/wp/wp-content/uploads/2023/10/HUMAN-RESOURCES-FINAL.jpg]
[limaghana.com/wp/wp-content/uploads/2023/10/accounting-1.jpg]
[limaghana.com/wp/wp-content/themes/oslim/assets/js/oslim-themea3ff.js]
[limaghana.com/wp/lima-digest/index.html]
[limaghana.com/wp/wp-json/wp/v2/pages/24.json]
[limaghana.com/wp/wp-json/oembed/1.0/embed66a6.json]
[limaghana.com/wp/wp-json/oembed/1.0/embed88a0]
[limaghana.com/wp/contact/index.html]
[limaghana.com/wp/portofolio.html]
[limaghana.com/wp/wp-json/oembed/1.0/embed6c13.json]
[limaghana.com/wp/wp-json/oembed/1.0/embed42d4]
[limaghana.com/wp/wp-content/themes/oslim/assets/js/oslim-theme676c.js]
[limaghana.com/wp/service/tax-compliance/index.html]
[limaghana.com/wp/wp-json/oembed/1.0/embed9b0c.json]
[limaghana.com/wp/wp-json/oembed/1.0/embed564a]
[limaghana.com/wp/wp-content/themes/oslim/assets/js/oslim-theme7d74.js]
[limaghana.com/wp/service/payroll-services/index.html]
[limaghana.com/wp/wp-json/oembed/1.0/embede52d.json]
[limaghana.com/wp/wp-json/oembed/1.0/embede493]
[limaghana.com/wp/service/consulting/index.html]
[limaghana.com/wp/wp-json/oembed/1.0/embed3713.json]
[limaghana.com/wp/wp-json/oembed/1.0/embedde84]
[limaghana.com/wp/wp-content/themes/oslim/assets/js/oslim-theme83a8.js]
[limaghana.com/wp/service/regulatory-compliance/index.html]
[limaghana.com/wp/wp-json/oembed/1.0/embedf276.json]
[limaghana.com/wp/wp-json/oembed/1.0/embedd41a]
[limaghana.com/wp/wp-content/themes/oslim/assets/js/oslim-themea347.js]
[limaghana.com/wp/service/accounting/index.html]
[limaghana.com/wp/wp-json/oembed/1.0/embed62ea.json]
[limaghana.com/wp/wp-json/oembed/1.0/embed721a]
[limaghana.com/wp/wp-content/themes/oslim/assets/js/oslim-theme623e.js]
[limaghana.com/wp/service/immigration-services/index.html]
[limaghana.com/wp/wp-json/oembed/1.0/embedfaec.json]
[limaghana.com/wp/wp-json/oembed/1.0/embed6854]
[limaghana.com/wp/wp-content/themes/oslim/assets/js/oslim-theme6124.js]
[limaghana.com/wp/portfolio/p1/index.html]
[limaghana.com/wp/wp-json/oembed/1.0/embed43bf.json]
[limaghana.com/wp/wp-json/oembed/1.0/embedc24b]
[limaghana.com/wp/wp-content/themes/oslim/assets/js/oslim-theme17a9.js]
[limaghana.com/wp/portfolio/p7/index.html]
[limaghana.com/wp/wp-json/oembed/1.0/embed5cd5.json]
[limaghana.com/wp/wp-json/oembed/1.0/embed07fb]
[limaghana.com/wp/portfolio/p20/index.html]
[limaghana.com/wp/wp-json/oembed/1.0/embed8d04.json]
[limaghana.com/wp/wp-json/oembed/1.0/embed82b0]
[limaghana.com/wp/wp-content/themes/oslim/assets/js/oslim-theme96ce.js]
[limaghana.com/wp/portfolio/p27/index.html]
[limaghana.com/wp/wp-json/oembed/1.0/embed57d0.json]
[limaghana.com/wp/wp-json/oembed/1.0/embed4850]
[limaghana.com/wp/wp-content/themes/oslim/assets/js/oslim-theme378f.js]
[limaghana.com/wp/portfolio/p28/index.html]
[limaghana.com/wp/wp-json/oembed/1.0/embed48ed.json]
[limaghana.com/wp/wp-json/oembed/1.0/embedaf87]
[limaghana.com/wp/portfolio/p24/index.html]
[limaghana.com/wp/wp-json/oembed/1.0/embede3bc.json]
[limaghana.com/wp/wp-json/oembed/1.0/embed5ccc]
[limaghana.com/wp/wp-content/themes/oslim/assets/js/oslim-themef069.js]
[limaghana.com/wp/portfolio/p25/index.html]
[limaghana.com/wp/wp-json/oembed/1.0/embedaaf4.json]
[limaghana.com/wp/wp-json/oembed/1.0/embede0e3]
[limaghana.com/wp/wp-content/themes/oslim/assets/js/oslim-themee47e.js]
[limaghana.com/wp/portfolio/p10/index.html]
[limaghana.com/wp/wp-json/oembed/1.0/embed9bb5.json]
[limaghana.com/wp/wp-json/oembed/1.0/embedd247]
[limaghana.com/wp/wp-content/themes/oslim/assets/js/oslim-themedeab.js]
[limaghana.com/wp/portfolio/p18/index.html]
[limaghana.com/wp/wp-json/oembed/1.0/embed9b0a.json]
[limaghana.com/wp/wp-json/oembed/1.0/embedae65]
[limaghana.com/wp/wp-content/themes/oslim/assets/js/oslim-theme7bbe.js]
[limaghana.com/wp/portfolio/p6/index.html]
[limaghana.com/wp/wp-json/oembed/1.0/embedf1a2.json]
[limaghana.com/wp/wp-json/oembed/1.0/embedacab]
[limaghana.com/wp/wp-content/themes/oslim/assets/js/oslim-themefed9.js]
[limaghana.com/wp/portfolio/p8/index.html]
[limaghana.com/wp/wp-json/oembed/1.0/embed3d63.json]
[limaghana.com/wp/wp-json/oembed/1.0/embedc6d7]
[limaghana.com/wp/portfolio/p9/index.html]
[limaghana.com/wp/wp-json/wp/v2/pages/36.json]
[limaghana.com/wp/wp-json/oembed/1.0/embedf2dd.json]
[limaghana.com/wp/wp-json/oembed/1.0/embed9336]
[limaghana.com/wp/wp-content/themes/oslim/assets/js/oslim-theme4150.js]
[limaghana.com/wp/request-quote/index.html]
[limaghana.com/wp/understanding-the-difference-between-accounting-and-bookkeeping/feed/index.html]
[limaghana.com/wp/wp-json/wp/v2/posts/2183.json]
[limaghana.com/wp/wp-json/oembed/1.0/embed053d.json]
[limaghana.com/wp/wp-json/oembed/1.0/embede81c]
[limaghana.com/wp/wp-content/themes/oslim/assets/js/oslim-themedf78.js]
[limaghana.com/wp/wp-includes/js/comment-reply.min9704.js]
[limaghana.com/wp/understanding-the-difference-between-accounting-and-bookkeeping/index.html]
[limaghana.com/wp/foreign-tax-credit-regime-in-ghana/feed/index.html]
[limaghana.com/wp/wp-json/wp/v2/posts/2177.json]
[limaghana.com/wp/wp-json/oembed/1.0/embedebe3.json]
[limaghana.com/wp/wp-json/oembed/1.0/embed4e5f]
[limaghana.com/wp/wp-content/uploads/2024/11/LIMA-NEWSLETTER-2024-VOL-21.pdf]
[limaghana.com/wp/wp-content/themes/oslim/assets/js/oslim-themeadbe.js]
[limaghana.com/wp/foreign-tax-credit-regime-in-ghana/index.html]
[limaghana.com/wp/managing-transfer-pricing-audits-in-ghana-strategies-for-effective-risk-management/feed/index.html]
[limaghana.com/wp/wp-json/wp/v2/posts/2172.json]
[limaghana.com/wp/wp-json/oembed/1.0/embed62e0]
[limaghana.com/wp/wp-content/uploads/2024/10/LIMA-NEWSLETTER-2024-VOL-20.pdf]
[limaghana.com/wp/wp-content/themes/oslim/assets/js/oslim-themef4a1.js]
[limaghana.com/wp/managing-transfer-pricing-audits-in-ghana-strategies-for-effective-risk-management/index.html]
[limaghana.com/wp/wp-content/uploads/elementor/css/post-1103ef1.css]
[limaghana.com/wp/wp-content/uploads/2022/01/footer-bg-1-1.png]
[limaghana.com/wp/wp-content/uploads/elementor/css/post-21451ee.css]
[limaghana.com/wp/wp-content/plugins/elementor/assets/lib/font-awesome/webfonts/fa-brands-400.eot]
[limaghana.com/wp/wp-content/plugins/elementor/assets/lib/font-awesome/webfonts/fa-brands-400d41d.eot]
[limaghana.com/wp/wp-content/plugins/elementor/assets/lib/font-awesome/webfonts/fa-brands-400.woff2]
[limaghana.com/wp/wp-content/plugins/elementor/assets/lib/font-awesome/webfonts/fa-brands-400.woff]
[limaghana.com/wp/wp-content/plugins/elementor/assets/lib/font-awesome/webfonts/fa-brands-400.ttf]
[limaghana.com/wp/wp-content/plugins/elementor/assets/lib/font-awesome/css/brands.min52d5.css]
[limaghana.com/wp/wp-content/plugins/oslim-addon/assets/vendors/images/icon/bx_loader.html]
[limaghana.com/wp/wp-content/plugins/oslim-addon/assets/vendors/img/bx-slider/controls.html]
[limaghana.com/wp/wp-content/plugins/oslim-addon/assets/vendors/owl-carousel/owl.video.play.html]
[limaghana.com/wp/wp-content/themes/oslim/assets/vendors/oslim-icons/fonts/icomoond928.svg]
[limaghana.com/wp/wp-content/themes/oslim/assets/vendors/fontawesome/webfonts/fa-brands-400.svg]
[limaghana.com/wp/wp-content/themes/oslim/assets/vendors/fontawesome/webfonts/fa-regular-400.svg]
[limaghana.com/wp/wp-content/themes/oslim/assets/vendors/fontawesome/webfonts/fa-solid-900.svg]
[limaghana.com/wp/wp-content/plugins/elementor/assets/lib/eicons/fonts/eicons66e9.svg]
[limaghana.com/wp/wp-content/plugins/elementor/assets/lib/font-awesome/webfonts/fa-solid-900.svg]
[limaghana.com/wp/wp-content/themes/oslim/styleee3a.css]
[limaghana.com/wp/index0735.html]
[limaghana.com/wp/cases/index.html]
[limaghana.com/wp/wp-content/themes/oslim/stylee304.css]
[limaghana.com/wp/wp-content/uploads/elementor/css/post-26a576.css]
[limaghana.com/wp/index88b9.html]
[limaghana.com/wp/wp-json/oembed/1.0/embed6844.json]
[limaghana.com/wp/wp-json/oembed/1.0/embede889]
[limaghana.com/wp/wp-content/themes/oslim/assets/js/oslim-themecb2a.js]
[limaghana.com/wp/portfolio/p3/index.html]
[limaghana.com/wp/wp-json/oembed/1.0/embeddd53.json]
[limaghana.com/wp/wp-json/oembed/1.0/embed1f4f]
[limaghana.com/wp/wp-content/themes/oslim/assets/js/oslim-theme6702.js]
[limaghana.com/wp/portfolio/p22/index.html]
[limaghana.com/wp/wp-json/oembed/1.0/embed494e.json]
[limaghana.com/wp/wp-json/oembed/1.0/embed69c2]
[limaghana.com/wp/portfolio/p23/index.html]
[limaghana.com/wp/wp-json/oembed/1.0/embedeae8.json]
[limaghana.com/wp/wp-json/oembed/1.0/embedada0]
[limaghana.com/wp/wp-content/themes/oslim/assets/js/oslim-themea600.js]
[limaghana.com/wp/portfolio/p13/index.html]
[limaghana.com/wp/wp-json/oembed/1.0/embed406c.json]
[limaghana.com/wp/wp-json/oembed/1.0/embed6d7a]
[limaghana.com/wp/wp-content/themes/oslim/assets/js/oslim-themea38e.js]
[limaghana.com/wp/portfolio/p21/index.html]
[limaghana.com/wp/wp-content/uploads/elementor/css/post-116b52c.css]
[limaghana.com/wp/wp-content/uploads/elementor/css/post-301ba3.css]
[limaghana.com/wp/index5643.html]
[limaghana.com/wp/wp-content/themes/oslim/stylea826.css]
[limaghana.com/wp/wp-content/uploads/elementor/css/post-147189ac.css]
[limaghana.com/wp/index2bf9.html]
[limaghana.com/wp/wp-content/themes/oslim/stylee4b1.css]
[limaghana.com/wp/indexb93f.html]
[limaghana.com/wp/wp-content/themes/oslim/style9661.css]
[limaghana.com/wp/wp-content/uploads/elementor/css/post-14688795.css]
[limaghana.com/wp/index7231.html]
[limaghana.com/wp/wp-content/themes/oslim/stylea3ff.css]
[limaghana.com/wp/wp-content/uploads/2024/08/WhatsApp-Image-2024-08-22-at-09.30.23.jpeg]
[limaghana.com/wp/summary-article-on-the-exemption-regime-of-ghana/feed/index.html]
[limaghana.com/wp/wp-json/wp/v2/posts/2155.json]
[limaghana.com/wp/wp-json/oembed/1.0/embed5fcf.json]
[limaghana.com/wp/wp-json/oembed/1.0/embedba3a]
[limaghana.com/wp/wp-content/uploads/2024/08/LIMA-NEWSLETTER-2024-VOL-18.pdf]
[limaghana.com/wp/wp-content/themes/oslim/assets/js/oslim-theme8864.js]
[limaghana.com/wp/summary-article-on-the-exemption-regime-of-ghana/index.html]
[limaghana.com/wp/preparing-financial-statements-under-ifrs-ias1-and-ifrs18/feed/index.html]
[limaghana.com/wp/wp-json/wp/v2/posts/2138.json]
[limaghana.com/wp/wp-json/oembed/1.0/embed5afc.json]
[limaghana.com/wp/wp-json/oembed/1.0/embed0b3d]
[limaghana.com/wp/wp-content/uploads/2024/07/Picture-1.png]
[limaghana.com/wp/wp-content/uploads/2024/07/LIMA-NEWSLETTER-2024-VOL-17.pdf]
[limaghana.com/wp/wp-content/themes/oslim/assets/js/oslim-theme9301.js]
[limaghana.com/wp/preparing-financial-statements-under-ifrs-ias1-and-ifrs18/index.html]
[limaghana.com/wp/management-styles-and-the-pitfalls-of-micromanagement/feed/index.html]
[limaghana.com/wp/wp-json/wp/v2/posts/2107.json]
[limaghana.com/wp/wp-json/oembed/1.0/embedebed.json]
[limaghana.com/wp/wp-json/oembed/1.0/embed1f04]
[limaghana.com/wp/wp-content/uploads/2024/06/WhatsApp-Image-2024-06-13-at-09.56.24.jpg]
[limaghana.com/wp/wp-content/uploads/2024/06/WhatsApp-Image-2024-06-13-at-09.56.25.jpg]
[limaghana.com/wp/wp-content/uploads/2024/06/LIMA-NEWSLETTER-2024-VOL-16.pdf]
[limaghana.com/wp/wp-content/themes/oslim/assets/js/oslim-theme2274.js]
[limaghana.com/wp/management-styles-and-the-pitfalls-of-micromanagement/index.html]
[limaghana.com/wp/recent-updates-in-transfer-pricing-pillar-12-framework-for-taxation-of-digital-economy/feed/index.html]
[limaghana.com/wp/wp-json/wp/v2/posts/2078.json]
[limaghana.com/wp/wp-json/oembed/1.0/embedb70d.json]
[limaghana.com/wp/wp-json/oembed/1.0/embeda125]
[limaghana.com/wp/wp-content/uploads/2024/05/Picture-1.1.png]
[limaghana.com/wp/wp-content/uploads/2024/05/Picture-1.2.png]
[limaghana.com/wp/wp-content/uploads/2024/05/Picture-1.png]
[limaghana.com/wp/wp-content/uploads/2024/05/LIMA-NEWSLETTER-2024-VOL-15-2.pdf]
[limaghana.com/wp/wp-content/themes/oslim/assets/js/oslim-theme1776.js]
[limaghana.com/wp/recent-updates-in-transfer-pricing-pillar-12-framework-for-taxation-of-digital-economy/index.html]
[limaghana.com/wp/navigating-customs-post-clearance-audit-in-ghana-a-comprehensive-guide/feed/index.html]
[limaghana.com/wp/wp-json/wp/v2/posts/2063.json]
[limaghana.com/wp/wp-json/oembed/1.0/embed66af.json]
[limaghana.com/wp/wp-json/oembed/1.0/embedd906]
[limaghana.com/wp/wp-content/uploads/2024/04/LIMA-NEWSLETTER-2024-VOL-14.pdf]
[limaghana.com/wp/wp-content/themes/oslim/assets/js/oslim-theme160e.js]
[limaghana.com/wp/navigating-customs-post-clearance-audit-in-ghana-a-comprehensive-guide/index.html]
[limaghana.com/wp/a-report-on-the-2023-afcon/feed/index.html]
[limaghana.com/wp/wp-json/wp/v2/posts/2052.json]
[limaghana.com/wp/wp-json/oembed/1.0/embedb8c4.json]
[limaghana.com/wp/wp-json/oembed/1.0/embed2f38]
[limaghana.com/wp/wp-content/uploads/2024/02/The-Money-Matters_A-Report-on-the-2023-AFCON-by-LIMA-Partners.pdf]
[limaghana.com/wp/wp-content/themes/oslim/assets/js/oslim-theme0a93.js]
[limaghana.com/wp/a-report-on-the-2023-afcon/index.html]
[limaghana.com/wp/ghanas-credit-rating-an-overview-of-recent-assessments/feed/index.html]
[limaghana.com/wp/wp-json/wp/v2/posts/2035.json]
[limaghana.com/wp/wp-json/oembed/1.0/embed361e.json]
[limaghana.com/wp/wp-json/oembed/1.0/embed2533]
[limaghana.com/wp/wp-content/uploads/2023/11/VOLUME-11.pdf]
[limaghana.com/wp/wp-content/themes/oslim/assets/js/oslim-theme32ac.js]
[limaghana.com/wp/ghanas-credit-rating-an-overview-of-recent-assessments/index.html]
[limaghana.com/wp/wp-json/wp/v2/posts/2014.json]
[limaghana.com/wp/navigating-revenue-recognition-with-ifrs-15/feed/index.html]
[limaghana.com/wp/wp-json/oembed/1.0/embedd593.json]
[limaghana.com/wp/wp-json/oembed/1.0/embed6ee8]
[limaghana.com/wp/wp-content/uploads/2023/11/STEVE.jpg]
[limaghana.com/wp/wp-content/uploads/2023/11/SPOTLIGHT-STEPHEN.pdf]
[limaghana.com/wp/navigating-revenue-recognition-with-ifrs-15/index.html]
[limaghana.com/wp/navigating-the-landscape-of-cybersecurity-compliance-in-ghana/feed/index.html]
[limaghana.com/wp/wp-json/wp/v2/posts/1999.json]
[limaghana.com/wp/wp-json/oembed/1.0/embed3b34.json]
[limaghana.com/wp/wp-json/oembed/1.0/embedf950]
[limaghana.com/wp/wp-content/uploads/2023/11/CHRIS-WEB-1.jpg]
[limaghana.com/wp/wp-content/uploads/2023/11/SPOTLIGHT-CHRIS-E-BEDFORD.pdf]
[limaghana.com/wp/wp-content/themes/oslim/assets/js/oslim-theme7b80.js]
[limaghana.com/wp/navigating-the-landscape-of-cybersecurity-compliance-in-ghana/index.html]
[limaghana.com/wp/the-evolving-role-of-human-resources-in-modern-organisations/feed/index.html]
[limaghana.com/wp/wp-json/wp/v2/posts/1964.json]
[limaghana.com/wp/wp-json/oembed/1.0/embedd337.json]
[limaghana.com/wp/wp-json/oembed/1.0/embedecce]
[limaghana.com/wp/wp-content/uploads/2023/10/Sandra-Frempong-Boadu-1.jpg]
[limaghana.com/wp/wp-content/uploads/2023/10/SPOTLIGHT-SANDRA-FREMPONG-BOADU.pdf]
[limaghana.com/wp/wp-content/themes/oslim/assets/js/oslim-theme92c5.js]
[limaghana.com/wp/the-evolving-role-of-human-resources-in-modern-organisations/index.html]
[limaghana.com/wp/trends-in-the-accounting-profession-cloud-accounting-and-sustainability-reporting/feed/index.html]
[limaghana.com/wp/wp-json/wp/v2/posts/1940.json]
[limaghana.com/wp/wp-json/oembed/1.0/embed1d38.json]
[limaghana.com/wp/wp-json/oembed/1.0/embedb433]
[limaghana.com/wp/wp-content/uploads/2023/10/vera-owusu.jpg]
[limaghana.com/wp/wp-content/uploads/2023/10/THE-LIMA-SPOTLIGHT-FINAL-V.pdf]
[limaghana.com/wp/wp-content/themes/oslim/assets/js/oslim-theme2217.js]
[limaghana.com/wp/trends-in-the-accounting-profession-cloud-accounting-and-sustainability-reporting/index.html]
[limaghana.com/wp/wp-content/uploads/2023/10/tax-compliance.jpg]
[limaghana.com/wp/wp-content/uploads/2023/10/budget.jpg]
[limaghana.com/wp/wp-content/uploads/2023/10/bank.jpg]
[limaghana.com/wp/wp-content/uploads/2023/10/transfer-pricing.jpg]
[limaghana.com/wp/wp-content/uploads/2023/10/business.jpg]
[limaghana.com/wp/wp-content/uploads/2023/10/afcfta.jpg]
[limaghana.com/wp/wp-content/uploads/2023/08/tax-2.jpg]
[limaghana.com/wp/wp-content/uploads/2023/07/interview-2.jpg]
[limaghana.com/wp/wp-content/uploads/2023/05/imf-2.jpg]
[limaghana.com/wp/wp-content/uploads/2023/04/taxlaw-1.jpg]
[limaghana.com/wp/wp-content/uploads/2023/08/policy-2.jpg]
[limaghana.com/wp/wp-content/uploads/2023/02/bonds-2.jpg]
[limaghana.com/wp/lima-digest/page/2/index.html]
[limaghana.com/wp/wp-content/uploads/elementor/css/post-24e99d.css]
[limaghana.com/wp/wp-content/plugins/oslim-addon/assets/vendors/oslim-icons/fonts/icomoond928.eot]
[limaghana.com/wp/wp-content/plugins/oslim-addon/assets/vendors/oslim-icons/fonts/icomoond928.ttf]
[limaghana.com/wp/wp-content/plugins/oslim-addon/assets/vendors/oslim-icons/fonts/icomoond928.woff]
[limaghana.com/wp/wp-content/plugins/oslim-addon/assets/vendors/oslim-icons/style5152.css]
[limaghana.com/wp/index2cf9.html]
[limaghana.com/wp/wp-content/themes/oslim/style676c.css]
[limaghana.com/wp/indexec1b.html]
[limaghana.com/wp/wp-content/themes/oslim/style7d74.css]
[limaghana.com/wp/indexc9bf.html]
[limaghana.com/wp/indexca25.html]
[limaghana.com/wp/wp-content/themes/oslim/style83a8.css]
[limaghana.com/wp/indexbc6e.html]
[limaghana.com/wp/wp-content/themes/oslim/stylea347.css]
[limaghana.com/wp/index8fec.html]
[limaghana.com/wp/wp-content/themes/oslim/style623e.css]
[limaghana.com/wp/indexbd60.html]
[limaghana.com/wp/wp-content/themes/oslim/style6124.css]
[limaghana.com/wp/index3e8e.html]
[limaghana.com/wp/wp-content/uploads/elementor/css/post-2901112.css]
[limaghana.com/wp/wp-content/themes/oslim/style17a9.css]
[limaghana.com/wp/index0c04.html]
[limaghana.com/wp/index905a.html]
[limaghana.com/wp/wp-content/themes/oslim/style96ce.css]
[limaghana.com/wp/index3195.html]
[limaghana.com/wp/wp-content/themes/oslim/style378f.css]
[limaghana.com/wp/index3f7a.html]
[limaghana.com/wp/index6374.html]
[limaghana.com/wp/wp-content/themes/oslim/stylef069.css]
[limaghana.com/wp/index9117.html]
[limaghana.com/wp/wp-content/themes/oslim/stylee47e.css]
[limaghana.com/wp/indexc308.html]
[limaghana.com/wp/wp-content/themes/oslim/styledeab.css]
[limaghana.com/wp/indexdabb.html]
[limaghana.com/wp/wp-content/themes/oslim/style7bbe.css]
[limaghana.com/wp/indexba86.html]
[limaghana.com/wp/wp-content/themes/oslim/stylefed9.css]
[limaghana.com/wp/indexce54.html]
[limaghana.com/wp/index7cb7.html]
[limaghana.com/wp/wp-content/themes/oslim/style4150.css]
[limaghana.com/wp/index0d0b.html]
[limaghana.com/wp/wp-content/themes/oslim/styledf78.css]
[limaghana.com/wp/indexbe44.html]
[limaghana.com/wp/xmlrpc.php]
[limaghana.com/wp/wp-content/themes/oslim/assets/js/oslim-theme7073.js]
[limaghana.com/wp/blog-sidebar/index.html]
[limaghana.com/wp/wp-json/wp/v2/categories/30]
[limaghana.com/wp/category/lima-digest/feed/index.html]
[limaghana.com/wp/category/lima-digest/index.html]
[limaghana.com/wp/author/admin/feed/index.html]
[limaghana.com/wp/wp-json/wp/v2/users/1.json]
[limaghana.com/wp/wp-content/themes/oslim/assets/js/oslim-theme2403.js]
[limaghana.com/wp/author/admin/index.html]
[limaghana.com/wp/tag/accounting/feed/index.html]
[limaghana.com/wp/wp-json/wp/v2/tags/38.json]
[limaghana.com/wp/wp-content/themes/oslim/assets/js/oslim-themeeb43.js]
[limaghana.com/wp/tag/accounting/index.html]
[limaghana.com/wp/wp-content/themes/oslim/styleadbe.css]
[limaghana.com/wp/index0264.html]
[limaghana.com/wp/wp-content/themes/oslim/stylef4a1.css]
[limaghana.com/wp/indexa50b.html]
[limaghana.com/wp/wp-json/oembed/1.0/embed75ab]
[limaghana.com/wp/tag/transferpricing-2/feed/index.html]
[limaghana.com/wp/wp-json/wp/v2/tags/51.json]
[limaghana.com/wp/wp-content/themes/oslim/assets/js/oslim-theme18fb.js]
[limaghana.com/wp/tag/transferpricing-2/index.html]
[limaghana.com/wp/wp-content/plugins/elementor/assets/lib/font-awesome/webfonts/fa-brands-400.svg]
[limaghana.com/wp/wp-json/wp/v2/pages/28.json]
[limaghana.com/wp/wp-json/oembed/1.0/embed1b83.json]
[limaghana.com/wp/wp-json/oembed/1.0/embed504c]
[limaghana.com/wp/wp-content/themes/oslim/assets/js/oslim-themee198.js]
[limaghana.com/wp/cases-two/index.html]
[limaghana.com/wp/wp-content/themes/oslim/stylecb2a.css]
[limaghana.com/wp/index07ee.html]
[limaghana.com/wp/wp-content/themes/oslim/style6702.css]
[limaghana.com/wp/index461a.html]
[limaghana.com/wp/indexc3f0.html]
[limaghana.com/wp/wp-content/themes/oslim/stylea600.css]
[limaghana.com/wp/indexd1fc.html]
[limaghana.com/wp/wp-content/themes/oslim/stylea38e.css]
[limaghana.com/wp/index914d.html]
[limaghana.com/wp/index0345.html]
[limaghana.com/wp/the-future-of-e-commerce-in-ghana-compliance-with-emerging-digital-trade-regulations/feed/index.html]
[limaghana.com/wp/wp-json/wp/v2/posts/2161.json]
[limaghana.com/wp/wp-json/oembed/1.0/embede528.json]
[limaghana.com/wp/wp-json/oembed/1.0/embed6ac3]
[limaghana.com/wp/wp-content/uploads/2024/09/LIMA-NEWSLETTER-2024-VOL-19.pdf]
[limaghana.com/wp/wp-content/themes/oslim/assets/js/oslim-theme3894.js]
[limaghana.com/wp/the-future-of-e-commerce-in-ghana-compliance-with-emerging-digital-trade-regulations/index.html]
[limaghana.com/wp/wp-content/themes/oslim/style8864.css]
[limaghana.com/wp/index361a.html]
[limaghana.com/wp/wp-content/themes/oslim/style9301.css]
[limaghana.com/wp/index9076.html]
[limaghana.com/wp/wp-content/themes/oslim/style2274.css]
[limaghana.com/wp/index18bf.html]
[limaghana.com/wp/tag/management/feed/index.html]
[limaghana.com/wp/wp-json/wp/v2/tags/49.json]
[limaghana.com/wp/wp-content/themes/oslim/assets/js/oslim-theme2eb4.js]
[limaghana.com/wp/tag/management/index.html]
[limaghana.com/wp/wp-json/wp/v2/tags/50.json]
[limaghana.com/wp/tag/managementstyles/index.html]
[limaghana.com/wp/tag/managementstyles/feed/index.html]
[limaghana.com/wp/category/lima-spotlight/feed/index.html]
[limaghana.com/wp/wp-json/wp/v2/categories/33.json]
[limaghana.com/wp/wp-content/themes/oslim/assets/js/oslim-themee516.js]
[limaghana.com/wp/category/lima-spotlight/index.html]
[limaghana.com/wp/wp-content/themes/oslim/style1776.css]
[limaghana.com/wp/index2004.html]
[limaghana.com/wp/tag/compliace/feed/index.html]
[limaghana.com/wp/wp-json/wp/v2/tags/48.json]
[limaghana.com/wp/wp-content/themes/oslim/assets/js/oslim-themee6c4.js]
[limaghana.com/wp/tag/compliace/index.html]
[limaghana.com/wp/tag/tax/feed/index.html]
[limaghana.com/wp/wp-json/wp/v2/tags/47.json]
[limaghana.com/wp/wp-content/themes/oslim/assets/js/oslim-themeb940.js]
[limaghana.com/wp/tag/tax/index.html]
[limaghana.com/wp/tag/transferpricing/feed/index.html]
[limaghana.com/wp/wp-json/wp/v2/tags/46.json]
[limaghana.com/wp/wp-content/themes/oslim/assets/js/oslim-theme9c91.js]
[limaghana.com/wp/tag/transferpricing/index.html]
[limaghana.com/wp/wp-content/themes/oslim/style160e.css]
[limaghana.com/wp/index1ab8.html]
[limaghana.com/wp/tag/audit/feed/index.html]
[limaghana.com/wp/wp-json/wp/v2/tags/45.json]
[limaghana.com/wp/wp-content/themes/oslim/assets/js/oslim-theme5a92.js]
[limaghana.com/wp/tag/audit/index.html]
[limaghana.com/wp/wp-json/wp/v2/tags/35.json]
[limaghana.com/wp/tag/compliance/index.html]
[limaghana.com/wp/tag/compliance/feed/index.html]
[limaghana.com/wp/tag/customs/feed/index.html]
[limaghana.com/wp/wp-json/wp/v2/tags/44.json]
[limaghana.com/wp/wp-content/themes/oslim/assets/js/oslim-themeaf1e.js]
[limaghana.com/wp/tag/customs/index.html]
[limaghana.com/wp/wp-content/themes/oslim/style0a93.css]
[limaghana.com/wp/index0180.html]
[limaghana.com/wp/wp-content/themes/oslim/style32ac.css]
[limaghana.com/wp/indexf36e.html]
[limaghana.com/wp/tag/crediterating/feed/index.html]
[limaghana.com/wp/wp-json/wp/v2/tags/43.json]
[limaghana.com/wp/wp-content/themes/oslim/assets/js/oslim-theme9c52.js]
[limaghana.com/wp/tag/crediterating/index.html]
[limaghana.com/wp/tag/economicanalysis/feed/index.html]
[limaghana.com/wp/wp-json/wp/v2/tags/42.json]
[limaghana.com/wp/tag/economicanalysis/index.html]
[limaghana.com/wp/tag/financialinsights/feed/index.html]
[limaghana.com/wp/wp-json/wp/v2/tags/40.json]
[limaghana.com/wp/wp-content/themes/oslim/assets/js/oslim-theme79aa.js]
[limaghana.com/wp/tag/financialinsights/index.html]
[limaghana.com/wp/tag/investmentstrategies/feed/index.html]
[limaghana.com/wp/wp-json/wp/v2/tags/41.json]
[limaghana.com/wp/wp-content/themes/oslim/assets/js/oslim-theme6c2f.js]
[limaghana.com/wp/tag/investmentstrategies/index.html]
[limaghana.com/wp/index8a56.html]
[limaghana.com/wp/tag/ifrs/feed/index.html]
[limaghana.com/wp/wp-json/wp/v2/tags/37.json]
[limaghana.com/wp/wp-content/themes/oslim/assets/js/oslim-themea96e.js]
[limaghana.com/wp/tag/ifrs/index.html]
[limaghana.com/wp/wp-json/wp/v2/tags/36.json]
[limaghana.com/wp/tag/revenue/index.html]
[limaghana.com/wp/wp-content/themes/oslim/style7b80.css]
[limaghana.com/wp/index6752.html]
[limaghana.com/wp/tag/revenue/feed/index.html]
[limaghana.com/wp/tag/cybersecurity/feed/index.html]
[limaghana.com/wp/wp-json/wp/v2/tags/34.json]
[limaghana.com/wp/wp-content/themes/oslim/assets/js/oslim-theme5118.js]
[limaghana.com/wp/tag/cybersecurity/index.html]
[limaghana.com/wp/wp-content/themes/oslim/style92c5.css]
[limaghana.com/wp/indexf4cb.html]
[limaghana.com/wp/wp-content/themes/oslim/style2217.css]
[limaghana.com/wp/index10c0.html]
[limaghana.com/wp/wp-content/themes/oslim/assets/js/oslim-themee2e9.js]
[limaghana.com/wp/trends-in-the-accounting-profession-cloud-accounting-and-sustainability-reporting/indexec27.html]
[limaghana.com/wp/tax-compliance-a-tool-for-effective-tax-planning-in-ghana/feed/index.html]
[limaghana.com/wp/wp-json/wp/v2/posts/1925.json]
[limaghana.com/wp/wp-json/oembed/1.0/embed50e1.json]
[limaghana.com/wp/wp-json/oembed/1.0/embedf58c]
[limaghana.com/wp/wp-content/uploads/2023/10/salim-2.jpg]
[limaghana.com/wp/wp-content/uploads/2023/10/TheLimaSpotLight-2.pdf]
[limaghana.com/wp/wp-content/themes/oslim/assets/js/oslim-theme75ca.js]
[limaghana.com/wp/tax-compliance-a-tool-for-effective-tax-planning-in-ghana/index.html]
[limaghana.com/wp/2023-budget-review/feed/index.html]
[limaghana.com/wp/wp-json/wp/v2/posts/1921.json]
[limaghana.com/wp/wp-json/oembed/1.0/embed46e8.json]
[limaghana.com/wp/wp-json/oembed/1.0/embedabe5]
[limaghana.com/wp/wp-content/uploads/2023/10/2023BudgetReview.pdf]
[limaghana.com/wp/wp-content/themes/oslim/assets/js/oslim-themef545.js]
[limaghana.com/wp/2023-budget-review/index.html]
[limaghana.com/wp/ghana-banking-industry-report-2023/feed/index.html]
[limaghana.com/wp/wp-json/wp/v2/posts/1917.json]
[limaghana.com/wp/wp-json/oembed/1.0/embedb457.json]
[limaghana.com/wp/wp-json/oembed/1.0/embedab58]
[limaghana.com/wp/wp-content/uploads/2023/10/TheGhanaBankingIndustryReport-.pdf]
[limaghana.com/wp/wp-content/themes/oslim/assets/js/oslim-theme5417.js]
[limaghana.com/wp/ghana-banking-industry-report-2023/index.html]
[limaghana.com/wp/transfer-pricing-rules-in-ghana/feed/index.html]
[limaghana.com/wp/wp-json/wp/v2/posts/1912.json]
[limaghana.com/wp/wp-json/oembed/1.0/embed84fd.json]
[limaghana.com/wp/wp-json/oembed/1.0/embedec5e]
[limaghana.com/wp/wp-content/uploads/2023/10/VOLUME-10.pdf]
[limaghana.com/wp/wp-content/themes/oslim/assets/js/oslim-theme8ccb.js]
[limaghana.com/wp/transfer-pricing-rules-in-ghana/index.html]
[limaghana.com/wp/understanding-business-company-formations-in-ghana/feed/index.html]
[limaghana.com/wp/wp-json/wp/v2/posts/1876.json]
[limaghana.com/wp/wp-json/oembed/1.0/embedd506.json]
[limaghana.com/wp/wp-json/oembed/1.0/embedc22a]
[limaghana.com/wp/wp-content/uploads/2023/10/liddell-yorke-2.jpg]
[limaghana.com/wp/wp-content/uploads/2023/10/The-Lima-Spotlight-1.pdf]
[limaghana.com/wp/wp-content/themes/oslim/assets/js/oslim-theme5dd4.js]
[limaghana.com/wp/understanding-business-company-formations-in-ghana/index.html]
[limaghana.com/wp/africas-economic-revolution/feed/index.html]
[limaghana.com/wp/wp-json/wp/v2/posts/1733.json]
[limaghana.com/wp/wp-json/oembed/1.0/embedd4e3.json]
[limaghana.com/wp/wp-json/oembed/1.0/embed21ce]
[limaghana.com/wp/wp-content/uploads/2023/10/Volume-9.pdf]
[limaghana.com/wp/wp-content/themes/oslim/assets/js/oslim-theme5dd1.js]
[limaghana.com/wp/africas-economic-revolution/index.html]
[limaghana.com/wp/wp-json/wp/v2/posts/1354.json]
[limaghana.com/wp/tax-health/feed/index.html]
[limaghana.com/wp/wp-json/oembed/1.0/embedd782.json]
[limaghana.com/wp/wp-json/oembed/1.0/embeddb25]
[limaghana.com/wp/wp-content/uploads/2023/08/Volume-8.pdf]
[limaghana.com/wp/tax-health/index.html]
[limaghana.com/wp/ace-that-interview/feed/index.html]
[limaghana.com/wp/wp-json/wp/v2/posts/1366.json]
[limaghana.com/wp/wp-json/oembed/1.0/embed4496.json]
[limaghana.com/wp/wp-json/oembed/1.0/embed0e1b]
[limaghana.com/wp/wp-content/uploads/2023/08/Volume-7.pdf]
[limaghana.com/wp/wp-content/themes/oslim/assets/js/oslim-theme656c.js]
[limaghana.com/wp/ace-that-interview/index.html]
[limaghana.com/wp/imf-conditionalities/feed/index.html]
[limaghana.com/wp/wp-json/wp/v2/posts/1371.json]
[limaghana.com/wp/wp-json/oembed/1.0/embeddf8f.json]
[limaghana.com/wp/wp-json/oembed/1.0/embedbb19]
[limaghana.com/wp/wp-content/uploads/2023/08/Volume-6.pdf]
[limaghana.com/wp/wp-content/themes/oslim/assets/js/oslim-themea433.js]
[limaghana.com/wp/imf-conditionalities/index.html]
[limaghana.com/wp/wp-json/wp/v2/posts/1376.json]
[limaghana.com/wp/unravelling-ghanas-journey-with-the-imf/feed/index.html]
[limaghana.com/wp/wp-json/oembed/1.0/embedc14c.json]
[limaghana.com/wp/wp-json/oembed/1.0/embed128d]
[limaghana.com/wp/wp-content/uploads/2023/08/Volume-5.pdf]
[limaghana.com/wp/unravelling-ghanas-journey-with-the-imf/index.html]
[limaghana.com/wp/updates-on-new-tax-acts/feed/index.html]
[limaghana.com/wp/wp-json/wp/v2/posts/1383.json]
[limaghana.com/wp/wp-json/oembed/1.0/embeda1ca.json]
[limaghana.com/wp/wp-json/oembed/1.0/embed505e]
[limaghana.com/wp/wp-content/uploads/2023/08/Volume-4.pdf]
[limaghana.com/wp/wp-content/themes/oslim/assets/js/oslim-theme3d64.js]
[limaghana.com/wp/updates-on-new-tax-acts/index.html]
[limaghana.com/wp/recent-policy-amendents/feed/index.html]
[limaghana.com/wp/wp-json/wp/v2/posts/1385.json]
[limaghana.com/wp/wp-json/oembed/1.0/embed471d.json]
[limaghana.com/wp/wp-json/oembed/1.0/embed4c74]
[limaghana.com/wp/wp-content/uploads/2023/08/Volume-3.pdf]
[limaghana.com/wp/wp-content/themes/oslim/assets/js/oslim-theme24ae.js]
[limaghana.com/wp/recent-policy-amendents/index.html]
[limaghana.com/wp/bonds/feed/index.html]
[limaghana.com/wp/wp-json/wp/v2/posts/1390.json]
[limaghana.com/wp/wp-json/oembed/1.0/embed72e0.json]
[limaghana.com/wp/wp-json/oembed/1.0/embed9a53]
[limaghana.com/wp/wp-content/uploads/2023/08/Volume-2.pdf]
[limaghana.com/wp/wp-content/themes/oslim/assets/js/oslim-theme2788.js]
[limaghana.com/wp/bonds/index.html]
[limaghana.com/wp/proposed-tax-amendments/feed/index.html]
[limaghana.com/wp/wp-json/wp/v2/posts/1394.json]
[limaghana.com/wp/wp-json/oembed/1.0/embed41a8.json]
[limaghana.com/wp/wp-json/oembed/1.0/embed58b0]
[limaghana.com/wp/wp-content/uploads/2023/08/Volume-1.pdf]
[limaghana.com/wp/wp-content/themes/oslim/assets/js/oslim-theme806d.js]
[limaghana.com/wp/proposed-tax-amendments/index.html]
[limaghana.com/wp/lima-digest/page/1/index.html]
[limaghana.com/wp/wp-content/plugins/oslim-addon/assets/vendors/oslim-icons/fonts/icomoond928.svg]
[layerdrops.com/oslimwp/wp-content/uploads/2022/02/work-together-shape-1.png]
[limaghana.com/wp/wp-content/themes/oslim/style7073.css]
[limaghana.com/wp/wp-content/themes/oslim/assets/js/oslim-themead85.js]
[limaghana.com/wp/blog-sidebar/page/2/index.html]
[limaghana.com/wp/blog-sidebar/page/3/index.html]
[limaghana.com/wp/wp-content/themes/oslim/assets/js/oslim-theme32f9.js]
[limaghana.com/wp/category/lima-digest/page/2/index.html]
[limaghana.com/wp/wp-content/themes/oslim/assets/js/oslim-theme5f22.js]
[limaghana.com/wp/category/lima-digest/page/3/index.html]
[limaghana.com/wp/wp-content/themes/oslim/style2403.css]
[limaghana.com/wp/wp-content/themes/oslim/assets/js/oslim-theme9919.js]
[limaghana.com/wp/author/admin/page/2/index.html]
[limaghana.com/wp/author/admin/page/3/index.html]
[limaghana.com/wp/wp-content/themes/oslim/styleeb43.css]
[limaghana.com/wp/wp-content/themes/oslim/style18fb.css]
[limaghana.com/wp/wp-content/themes/oslim/stylee198.css]
[limaghana.com/wp/index3c55.html]
[limaghana.com/wp/wp-content/themes/oslim/style3894.css]
[limaghana.com/wp/index83ee.html]
[limaghana.com/wp/wp-content/themes/oslim/style2eb4.css]
[limaghana.com/wp/wp-content/themes/oslim/stylee516.css]
[limaghana.com/wp/wp-content/themes/oslim/stylee6c4.css]
[limaghana.com/wp/wp-content/themes/oslim/styleb940.css]
[limaghana.com/wp/wp-content/themes/oslim/style9c91.css]
[limaghana.com/wp/wp-content/themes/oslim/style5a92.css]
[limaghana.com/wp/wp-content/themes/oslim/styleaf1e.css]
[limaghana.com/wp/wp-content/themes/oslim/style9c52.css]
[limaghana.com/wp/wp-content/themes/oslim/style79aa.css]
[limaghana.com/wp/wp-content/themes/oslim/style6c2f.css]
[limaghana.com/wp/wp-content/themes/oslim/stylea96e.css]
[limaghana.com/wp/wp-content/themes/oslim/style5118.css]
[limaghana.com/wp/wp-content/themes/oslim/stylee2e9.css]
[limaghana.com/wp/wp-content/themes/oslim/style75ca.css]
[limaghana.com/wp/index46b2.html]
[limaghana.com/wp/wp-content/themes/oslim/stylef545.css]
[limaghana.com/wp/index4dfd.html]
[limaghana.com/wp/wp-content/themes/oslim/style5417.css]
[limaghana.com/wp/indexaaf7.html]
[limaghana.com/wp/wp-content/themes/oslim/style8ccb.css]
[limaghana.com/wp/index50c0.html]
[limaghana.com/wp/wp-content/themes/oslim/style5dd4.css]
[limaghana.com/wp/index26b6.html]
[limaghana.com/wp/wp-content/themes/oslim/style5dd1.css]
[limaghana.com/wp/indexf94f.html]
[limaghana.com/wp/indexb951.html]
[limaghana.com/wp/wp-content/themes/oslim/style656c.css]
[limaghana.com/wp/index8c47.html]
[limaghana.com/wp/wp-content/themes/oslim/stylea433.css]
[limaghana.com/wp/index90ee.html]
[limaghana.com/wp/indexf05d.html]
[limaghana.com/wp/wp-content/themes/oslim/style3d64.css]
[limaghana.com/wp/index59cd.html]
[limaghana.com/wp/wp-content/themes/oslim/style24ae.css]
[limaghana.com/wp/index26d0.html]
[limaghana.com/wp/wp-content/themes/oslim/style2788.css]
[limaghana.com/wp/index93a9.html]
[limaghana.com/wp/wp-content/themes/oslim/style806d.css]
[limaghana.com/wp/indexcff5.html]
[limaghana.com/wp/wp-content/themes/oslim/stylead85.css]
[limaghana.com/wp/wp-content/themes/oslim/style32f9.css]
[limaghana.com/wp/wp-content/themes/oslim/style5f22.css]
[limaghana.com/wp/wp-content/themes/oslim/style9919.css]
